// Jest Snapshot v1, https://goo.gl/fbAQLP

exports[`required properties do not render a default 1`] = `
"
export interface MyFunctionProps {
  readonly requiredProp: string;
}
"
`;
